// Jest Snapshot v1, https://goo.gl/fbAQLP

exports[`should correctly render LoadingPage 1`] = `
<div
  className="loader"
>
  <img
    src="/images/loading.gif"
  />
</div>
`;
