// Jest Snapshot v1, https://goo.gl/fbAQLP

exports[`should correctly render LoginPage 1`] = `
<div
  className="landing"
>
  <div
    className="landing-left"
  >
    <h1
      className="site-title"
    >
      Boilerplate
    </h1>
    <p
      className="site-description"
    >
      Tag line for app
    </p>
    <div
      className="button"
    >
      <button
        className="btn"
      >
        Login with Google
      </button>
    </div>
  </div>
  <img
    className="cover-image"
    src="/images/Login.gif"
  />
</div>
`;
